[w8.snokido.com/games/html5/friday-night-funkin/0281/index.html]
[backblue.gif]
[fade.gif]
[index.html]
[w8.snokido.com/games/html5/friday-night-funkin/0281/favicon.png]
[w8.snokido.com/games/html5/friday-night-funkin/0281/Funkin.js]
[w8.snokido.com/games/html5/friday-night-funkin/0281/assets/fonts/pixeld41d.eot]
[w8.snokido.com/games/html5/friday-night-funkin/0281/assets/fonts/pixel.woff]
[w8.snokido.com/games/html5/friday-night-funkin/0281/assets/fonts/pixel.otf]
[w8.snokido.com/games/html5/friday-night-funkin/0281/assets/fonts/vcrd41d.eot]
[w8.snokido.com/games/html5/friday-night-funkin/0281/assets/fonts/vcr.woff]
[w8.snokido.com/games/html5/friday-night-funkin/0281/assets/fonts/vcr.ttf]
[w8.snokido.com/games/html5/friday-night-funkin/0281/assets/fonts/vcr.svg]
[w8.snokido.com/games/html5/friday-night-funkin/0281/flixel/fonts/nokiafc22d41d.eot]
[w8.snokido.com/games/html5/friday-night-funkin/0281/flixel/fonts/nokiafc22.woff]
[w8.snokido.com/games/html5/friday-night-funkin/0281/flixel/fonts/nokiafc22.ttf]
[w8.snokido.com/games/html5/friday-night-funkin/0281/flixel/fonts/nokiafc22.svg]
[w8.snokido.com/games/html5/friday-night-funkin/0281/flixel/fonts/monsterratd41d.eot]
[w8.snokido.com/games/html5/friday-night-funkin/0281/flixel/fonts/monsterrat.woff]
[w8.snokido.com/games/html5/friday-night-funkin/0281/flixel/fonts/monsterrat.ttf]
[w8.snokido.com/games/html5/friday-night-funkin/0281/index.html]
[w8.snokido.com/games/html5/friday-night-funkin/0281/assets/fonts/pixeld41d.html]
[w8.snokido.com/games/html5/friday-night-funkin/0281/assets/fonts/pixel.html]
[w8.snokido.com/games/html5/friday-night-funkin/0281/assets/fonts/vcrd41d.html]
[w8.snokido.com/games/html5/friday-night-funkin/0281/assets/fonts/vcr.html]
[w8.snokido.com/games/html5/friday-night-funkin/0281/assets/fonts/vcr-2.html]
[w8.snokido.com/games/html5/friday-night-funkin/0281/flixel/fonts/nokiafc22.svg]
[w8.snokido.com/games/html5/friday-night-funkin/0281/flixel/fonts/monsterrat.svg]
[w8.snokido.com/games/html5/friday-night-funkin/0281/flixel/fonts/monsterrat.svg]
